// Jest Snapshot v1, https://goo.gl/fbAQLP

exports[`[RENDER] components/london/snippet/snippet.js Header Component renders 1`] = `
<article>
  
  <h3>
    A year after the mutiny, HSBC plots its next investment banking overhaul
  </h3>
  <p>
    Former JPMorgan executive Greg Guyett is the latest to try his hand at helping HSBC win a bigger share of global investment banking fees
  </p>
  <div
    className="tags"
  >
    <ul>
      <li>
        Interactive
      </li>
      <li>
        Asset Management
      </li>
      <li>
        Brexit
      </li>
    </ul>
  </div>
</article>
`;
